fn for_test() {
	for i := 0; i < 10; i++ {
		printf('i = %d\n', i)
	}
	for i := 0; i < 10; i++ {
		printf('single line')
	}
	x := 1
	sum := 0
	for x < 10 {
		x++
		sum += x
	}
	for 1 {
		printf('inf loop')
		break
	}
}
